src/test/services/activityService.test.ts(48,16): error TS18046: 'agg' is of type 'unknown'.
src/test/services/activityService.test.ts(49,16): error TS18046: 'agg' is of type 'unknown'.
src/test/services/activityService.test.ts(75,16): error TS18046: 'agg' is of type 'unknown'.
